Archive member included to satisfy reference by file (symbol)

c:/program files (x86)/atmel/studio/7.0/toolchain/avr8/avr8-gnu-toolchain/bin/../lib/gcc/avr/5.4.0/../../../../avr/lib/avr5\libm.a(addsf3.o)
                              MCAL/TIMER0/TIMER0_program.o (__subsf3)
c:/program files (x86)/atmel/studio/7.0/toolchain/avr8/avr8-gnu-toolchain/bin/../lib/gcc/avr/5.4.0/../../../../avr/lib/avr5\libm.a(addsf3x.o)
                              c:/program files (x86)/atmel/studio/7.0/toolchain/avr8/avr8-gnu-toolchain/bin/../lib/gcc/avr/5.4.0/../../../../avr/lib/avr5\libm.a(addsf3.o) (__addsf3x)
c:/program files (x86)/atmel/studio/7.0/toolchain/avr8/avr8-gnu-toolchain/bin/../lib/gcc/avr/5.4.0/../../../../avr/lib/avr5\libm.a(divsf3.o)
                              MCAL/TIMER0/TIMER0_program.o (__divsf3)
c:/program files (x86)/atmel/studio/7.0/toolchain/avr8/avr8-gnu-toolchain/bin/../lib/gcc/avr/5.4.0/../../../../avr/lib/avr5\libm.a(divsf3x.o)
                              c:/program files (x86)/atmel/studio/7.0/toolchain/avr8/avr8-gnu-toolchain/bin/../lib/gcc/avr/5.4.0/../../../../avr/lib/avr5\libm.a(divsf3.o) (__divsf3x)
c:/program files (x86)/atmel/studio/7.0/toolchain/avr8/avr8-gnu-toolchain/bin/../lib/gcc/avr/5.4.0/../../../../avr/lib/avr5\libm.a(fixsfsi.o)
                              UTILITY/utility.o (__fixsfsi)
c:/program files (x86)/atmel/studio/7.0/toolchain/avr8/avr8-gnu-toolchain/bin/../lib/gcc/avr/5.4.0/../../../../avr/lib/avr5\libm.a(fixunssfsi.o)
                              HAL/LM35/LM35_program.o (__fixunssfsi)
c:/program files (x86)/atmel/studio/7.0/toolchain/avr8/avr8-gnu-toolchain/bin/../lib/gcc/avr/5.4.0/../../../../avr/lib/avr5\libm.a(floatsisf.o)
                              HAL/LM35/LM35_program.o (__floatunsisf)
c:/program files (x86)/atmel/studio/7.0/toolchain/avr8/avr8-gnu-toolchain/bin/../lib/gcc/avr/5.4.0/../../../../avr/lib/avr5\libm.a(fp_inf.o)
                              c:/program files (x86)/atmel/studio/7.0/toolchain/avr8/avr8-gnu-toolchain/bin/../lib/gcc/avr/5.4.0/../../../../avr/lib/avr5\libm.a(addsf3x.o) (__fp_inf)
c:/program files (x86)/atmel/studio/7.0/toolchain/avr8/avr8-gnu-toolchain/bin/../lib/gcc/avr/5.4.0/../../../../avr/lib/avr5\libm.a(fp_nan.o)
                              c:/program files (x86)/atmel/studio/7.0/toolchain/avr8/avr8-gnu-toolchain/bin/../lib/gcc/avr/5.4.0/../../../../avr/lib/avr5\libm.a(addsf3x.o) (__fp_nan)
c:/program files (x86)/atmel/studio/7.0/toolchain/avr8/avr8-gnu-toolchain/bin/../lib/gcc/avr/5.4.0/../../../../avr/lib/avr5\libm.a(fp_pscA.o)
                              c:/program files (x86)/atmel/studio/7.0/toolchain/avr8/avr8-gnu-toolchain/bin/../lib/gcc/avr/5.4.0/../../../../avr/lib/avr5\libm.a(addsf3x.o) (__fp_pscA)
c:/program files (x86)/atmel/studio/7.0/toolchain/avr8/avr8-gnu-toolchain/bin/../lib/gcc/avr/5.4.0/../../../../avr/lib/avr5\libm.a(fp_pscB.o)
                              c:/program files (x86)/atmel/studio/7.0/toolchain/avr8/avr8-gnu-toolchain/bin/../lib/gcc/avr/5.4.0/../../../../avr/lib/avr5\libm.a(addsf3x.o) (__fp_pscB)
c:/program files (x86)/atmel/studio/7.0/toolchain/avr8/avr8-gnu-toolchain/bin/../lib/gcc/avr/5.4.0/../../../../avr/lib/avr5\libm.a(fp_round.o)
                              c:/program files (x86)/atmel/studio/7.0/toolchain/avr8/avr8-gnu-toolchain/bin/../lib/gcc/avr/5.4.0/../../../../avr/lib/avr5\libm.a(addsf3.o) (__fp_round)
c:/program files (x86)/atmel/studio/7.0/toolchain/avr8/avr8-gnu-toolchain/bin/../lib/gcc/avr/5.4.0/../../../../avr/lib/avr5\libm.a(fp_split3.o)
                              c:/program files (x86)/atmel/studio/7.0/toolchain/avr8/avr8-gnu-toolchain/bin/../lib/gcc/avr/5.4.0/../../../../avr/lib/avr5\libm.a(addsf3x.o) (__fp_split3)
c:/program files (x86)/atmel/studio/7.0/toolchain/avr8/avr8-gnu-toolchain/bin/../lib/gcc/avr/5.4.0/../../../../avr/lib/avr5\libm.a(fp_zero.o)
                              c:/program files (x86)/atmel/studio/7.0/toolchain/avr8/avr8-gnu-toolchain/bin/../lib/gcc/avr/5.4.0/../../../../avr/lib/avr5\libm.a(addsf3x.o) (__fp_zero)
c:/program files (x86)/atmel/studio/7.0/toolchain/avr8/avr8-gnu-toolchain/bin/../lib/gcc/avr/5.4.0/../../../../avr/lib/avr5\libm.a(mulsf3.o)
                              HAL/LM35/LM35_program.o (__mulsf3)
c:/program files (x86)/atmel/studio/7.0/toolchain/avr8/avr8-gnu-toolchain/bin/../lib/gcc/avr/5.4.0/../../../../avr/lib/avr5\libm.a(mulsf3x.o)
                              c:/program files (x86)/atmel/studio/7.0/toolchain/avr8/avr8-gnu-toolchain/bin/../lib/gcc/avr/5.4.0/../../../../avr/lib/avr5\libm.a(mulsf3.o) (__mulsf3x)
c:/program files (x86)/atmel/studio/7.0/toolchain/avr8/avr8-gnu-toolchain/bin/../lib/gcc/avr/5.4.0/avr5\libgcc.a(_udivmodhi4.o)
                              UTILITY/utility.o (__udivmodhi4)
c:/program files (x86)/atmel/studio/7.0/toolchain/avr8/avr8-gnu-toolchain/bin/../lib/gcc/avr/5.4.0/avr5\libgcc.a(_divmodhi4.o)
                              UTILITY/utility.o (__divmodhi4)
c:/program files (x86)/atmel/studio/7.0/toolchain/avr8/avr8-gnu-toolchain/bin/../lib/gcc/avr/5.4.0/avr5\libgcc.a(_udivmodsi4.o)
                              MCAL/USART/USART_program.o (__udivmodsi4)
c:/program files (x86)/atmel/studio/7.0/toolchain/avr8/avr8-gnu-toolchain/bin/../lib/gcc/avr/5.4.0/avr5\libgcc.a(_exit.o)
                              C:/Program Files (x86)/Atmel/Studio/7.0/Packs/atmel/ATmega_DFP/1.6.364/gcc/dev/atmega32/avr5/crtatmega32.o (exit)
c:/program files (x86)/atmel/studio/7.0/toolchain/avr8/avr8-gnu-toolchain/bin/../lib/gcc/avr/5.4.0/avr5\libgcc.a(_copy_data.o)
                              HAL/LCD/LCD_program.o (__do_copy_data)
c:/program files (x86)/atmel/studio/7.0/toolchain/avr8/avr8-gnu-toolchain/bin/../lib/gcc/avr/5.4.0/avr5\libgcc.a(_clear_bss.o)
                              HAL/LCD/LCD_program.o (__do_clear_bss)
c:/program files (x86)/atmel/studio/7.0/toolchain/avr8/avr8-gnu-toolchain/bin/../lib/gcc/avr/5.4.0/avr5\libgcc.a(_umulhisi3.o)
                              UTILITY/utility.o (__umulhisi3)
c:/program files (x86)/atmel/studio/7.0/toolchain/avr8/avr8-gnu-toolchain/bin/../lib/gcc/avr/5.4.0/avr5\libgcc.a(_muluhisi3.o)
                              MCAL/CLOCK/CLOCK_program.o (__muluhisi3)
c:/program files (x86)/atmel/studio/7.0/toolchain/avr8/avr8-gnu-toolchain/bin/../lib/gcc/avr/5.4.0/../../../../avr/lib/avr5\libc.a(rand.o)
                              UTILITY/utility.o (rand)
c:/program files (x86)/atmel/studio/7.0/toolchain/avr8/avr8-gnu-toolchain/bin/../lib/gcc/avr/5.4.0/avr5\libgcc.a(_divmodsi4.o)
                              c:/program files (x86)/atmel/studio/7.0/toolchain/avr8/avr8-gnu-toolchain/bin/../lib/gcc/avr/5.4.0/../../../../avr/lib/avr5\libc.a(rand.o) (__divmodsi4)
c:/program files (x86)/atmel/studio/7.0/toolchain/avr8/avr8-gnu-toolchain/bin/../lib/gcc/avr/5.4.0/avr5\libgcc.a(_negsi2.o)
                              c:/program files (x86)/atmel/studio/7.0/toolchain/avr8/avr8-gnu-toolchain/bin/../lib/gcc/avr/5.4.0/avr5\libgcc.a(_divmodsi4.o) (__negsi2)
c:/program files (x86)/atmel/studio/7.0/toolchain/avr8/avr8-gnu-toolchain/bin/../lib/gcc/avr/5.4.0/avr5\libgcc.a(_mulshisi3.o)
                              c:/program files (x86)/atmel/studio/7.0/toolchain/avr8/avr8-gnu-toolchain/bin/../lib/gcc/avr/5.4.0/../../../../avr/lib/avr5\libc.a(rand.o) (__mulohisi3)

Discarded input sections

 .data          0x00000000        0x0 C:/Program Files (x86)/Atmel/Studio/7.0/Packs/atmel/ATmega_DFP/1.6.364/gcc/dev/atmega32/avr5/crtatmega32.o
 .bss           0x00000000        0x0 C:/Program Files (x86)/Atmel/Studio/7.0/Packs/atmel/ATmega_DFP/1.6.364/gcc/dev/atmega32/avr5/crtatmega32.o
 .text          0x00000000        0x0 HAL/BUTTON/BUTTON_program.o
 .data          0x00000000        0x0 HAL/BUTTON/BUTTON_program.o
 .bss           0x00000000        0x0 HAL/BUTTON/BUTTON_program.o
 .text.BUTTON_voidInit
                0x00000000       0x20 HAL/BUTTON/BUTTON_program.o
 .text.BUTTON_u8isPressed
                0x00000000       0x26 HAL/BUTTON/BUTTON_program.o
 .debug_info    0x00000000      0x1b0 HAL/BUTTON/BUTTON_program.o
 .debug_abbrev  0x00000000      0x10d HAL/BUTTON/BUTTON_program.o
 .debug_loc     0x00000000       0xa8 HAL/BUTTON/BUTTON_program.o
 .debug_aranges
                0x00000000       0x28 HAL/BUTTON/BUTTON_program.o
 .debug_ranges  0x00000000       0x18 HAL/BUTTON/BUTTON_program.o
 .debug_line    0x00000000       0xf3 HAL/BUTTON/BUTTON_program.o
 .debug_str     0x00000000      0x23a HAL/BUTTON/BUTTON_program.o
 .comment       0x00000000       0x31 HAL/BUTTON/BUTTON_program.o
 .debug_frame   0x00000000       0x34 HAL/BUTTON/BUTTON_program.o
 .text          0x00000000        0x0 HAL/KEYPAD/KEYPAD_program.o
 .data          0x00000000        0x0 HAL/KEYPAD/KEYPAD_program.o
 .bss           0x00000000        0x0 HAL/KEYPAD/KEYPAD_program.o
 .text.reInitRows
                0x00000000       0x46 HAL/KEYPAD/KEYPAD_program.o
 .text.checkKeys
                0x00000000       0x6e HAL/KEYPAD/KEYPAD_program.o
 .text.KEYPAD_voidInit
                0x00000000       0x8a HAL/KEYPAD/KEYPAD_program.o
 .text.KEYPAD_u8GetKey
                0x00000000       0x78 HAL/KEYPAD/KEYPAD_program.o
 .debug_info    0x00000000      0x37f HAL/KEYPAD/KEYPAD_program.o
 .debug_abbrev  0x00000000      0x17f HAL/KEYPAD/KEYPAD_program.o
 .debug_loc     0x00000000      0x31e HAL/KEYPAD/KEYPAD_program.o
 .debug_aranges
                0x00000000       0x38 HAL/KEYPAD/KEYPAD_program.o
 .debug_ranges  0x00000000       0x28 HAL/KEYPAD/KEYPAD_program.o
 .debug_line    0x00000000      0x1ef HAL/KEYPAD/KEYPAD_program.o
 .debug_str     0x00000000      0x275 HAL/KEYPAD/KEYPAD_program.o
 .comment       0x00000000       0x31 HAL/KEYPAD/KEYPAD_program.o
 .debug_frame   0x00000000       0xb8 HAL/KEYPAD/KEYPAD_program.o
 .text          0x00000000        0x0 HAL/LCD/LCD_program.o
 .data          0x00000000        0x0 HAL/LCD/LCD_program.o
 .bss           0x00000000        0x0 HAL/LCD/LCD_program.o
 .text.LCD_voidSendString
                0x00000000       0x26 HAL/LCD/LCD_program.o
 .text.LCD_voidClear
                0x00000000        0xe HAL/LCD/LCD_program.o
 .text.LCD_voidSetCursorPosition
                0x00000000       0x18 HAL/LCD/LCD_program.o
 .text.LCD_voidSendNumber
                0x00000000       0x3c HAL/LCD/LCD_program.o
 .data.PYPositions
                0x00000000        0x4 HAL/LCD/LCD_program.o
 .text          0x00000000        0x0 HAL/LED/LED_program.o
 .data          0x00000000        0x0 HAL/LED/LED_program.o
 .bss           0x00000000        0x0 HAL/LED/LED_program.o
 .text.LED_voidInit
                0x00000000        0xe HAL/LED/LED_program.o
 .text.LED_voidTurnOn
                0x00000000        0xe HAL/LED/LED_program.o
 .text.LED_voidTurnOff
                0x00000000        0xe HAL/LED/LED_program.o
 .text.LED_voidToggle
                0x00000000        0xc HAL/LED/LED_program.o
 .debug_info    0x00000000      0x1d7 HAL/LED/LED_program.o
 .debug_abbrev  0x00000000       0xe4 HAL/LED/LED_program.o
 .debug_loc     0x00000000       0xd8 HAL/LED/LED_program.o
 .debug_aranges
                0x00000000       0x38 HAL/LED/LED_program.o
 .debug_ranges  0x00000000       0x28 HAL/LED/LED_program.o
 .debug_line    0x00000000      0x101 HAL/LED/LED_program.o
 .debug_str     0x00000000      0x214 HAL/LED/LED_program.o
 .comment       0x00000000       0x31 HAL/LED/LED_program.o
 .debug_frame   0x00000000       0x54 HAL/LED/LED_program.o
 .text          0x00000000        0x0 HAL/LM35/LM35_program.o
 .data          0x00000000        0x0 HAL/LM35/LM35_program.o
 .bss           0x00000000        0x0 HAL/LM35/LM35_program.o
 .text.getDegree
                0x00000000       0x30 HAL/LM35/LM35_program.o
 .text.LM35_voidInit
                0x00000000        0xc HAL/LM35/LM35_program.o
 .text.LM35_u8GetTemp
                0x00000000       0x16 HAL/LM35/LM35_program.o
 .debug_info    0x00000000      0x2ed HAL/LM35/LM35_program.o
 .debug_abbrev  0x00000000      0x125 HAL/LM35/LM35_program.o
 .debug_loc     0x00000000       0x7a HAL/LM35/LM35_program.o
 .debug_aranges
                0x00000000       0x30 HAL/LM35/LM35_program.o
 .debug_ranges  0x00000000       0x20 HAL/LM35/LM35_program.o
 .debug_line    0x00000000       0xf9 HAL/LM35/LM35_program.o
 .debug_str     0x00000000      0x703 HAL/LM35/LM35_program.o
 .comment       0x00000000       0x31 HAL/LM35/LM35_program.o
 .debug_frame   0x00000000       0x44 HAL/LM35/LM35_program.o
 .text          0x00000000        0x0 HAL/MOTOR/MOTOR_program.o
 .data          0x00000000        0x0 HAL/MOTOR/MOTOR_program.o
 .bss           0x00000000        0x0 HAL/MOTOR/MOTOR_program.o
 .text.MOTOR_voidInit
                0x00000000       0x2c HAL/MOTOR/MOTOR_program.o
 .text.MOTOR_voidRotateWithSoftwarePWM
                0x00000000       0x4a HAL/MOTOR/MOTOR_program.o
 .text.MOTOR_voidStop
                0x00000000       0x20 HAL/MOTOR/MOTOR_program.o
 .debug_info    0x00000000      0x337 HAL/MOTOR/MOTOR_program.o
 .debug_abbrev  0x00000000       0xe8 HAL/MOTOR/MOTOR_program.o
 .debug_loc     0x00000000      0x1c2 HAL/MOTOR/MOTOR_program.o
 .debug_aranges
                0x00000000       0x30 HAL/MOTOR/MOTOR_program.o
 .debug_ranges  0x00000000       0x20 HAL/MOTOR/MOTOR_program.o
 .debug_line    0x00000000      0x16c HAL/MOTOR/MOTOR_program.o
 .debug_str     0x00000000      0x412 HAL/MOTOR/MOTOR_program.o
 .comment       0x00000000       0x31 HAL/MOTOR/MOTOR_program.o
 .debug_frame   0x00000000       0x6c HAL/MOTOR/MOTOR_program.o
 .text          0x00000000        0x0 main.o
 .data          0x00000000        0x0 main.o
 .bss           0x00000000        0x0 main.o
 .text          0x00000000        0x0 MCAL/ADC/ADC_program.o
 .data          0x00000000        0x0 MCAL/ADC/ADC_program.o
 .bss           0x00000000        0x0 MCAL/ADC/ADC_program.o
 .text.ADC_voidInit
                0x00000000       0x26 MCAL/ADC/ADC_program.o
 .text.ADC_u16ReadChannel
                0x00000000       0x18 MCAL/ADC/ADC_program.o
 .text.ADC_voidEnableInterruptWithCallback
                0x00000000       0x1a MCAL/ADC/ADC_program.o
 .text          0x00000000        0x0 MCAL/CLOCK/CLOCK_program.o
 .data          0x00000000        0x0 MCAL/CLOCK/CLOCK_program.o
 .bss           0x00000000        0x0 MCAL/CLOCK/CLOCK_program.o
 .text.CLOCK_voidDelayMS
                0x00000000       0x34 MCAL/CLOCK/CLOCK_program.o
 .text          0x00000000        0x0 MCAL/DIO/DIO_program.o
 .data          0x00000000        0x0 MCAL/DIO/DIO_program.o
 .bss           0x00000000        0x0 MCAL/DIO/DIO_program.o
 .text.DIO_voidSetPortDirection
                0x00000000       0x88 MCAL/DIO/DIO_program.o
 .text.DIO_voidSetPortValue
                0x00000000       0x20 MCAL/DIO/DIO_program.o
 .text.DIO_u8GetPinValue
                0x00000000       0x6c MCAL/DIO/DIO_program.o
 .text.DIO_u8GetPortValue
                0x00000000       0x24 MCAL/DIO/DIO_program.o
 .text.DIO_voidTogglePinValue
                0x00000000       0x78 MCAL/DIO/DIO_program.o
 .text          0x00000000        0x0 MCAL/EXTI/EXTI_program.o
 .data          0x00000000        0x0 MCAL/EXTI/EXTI_program.o
 .bss           0x00000000        0x0 MCAL/EXTI/EXTI_program.o
 .text.EXTI_voidInit
                0x00000000      0x122 MCAL/EXTI/EXTI_program.o
 .text.EXTI_voidEnableInterrupt
                0x00000000       0x24 MCAL/EXTI/EXTI_program.o
 .text.EXTI_voidDisableInterrupt
                0x00000000       0x24 MCAL/EXTI/EXTI_program.o
 .text.EXTI_voidSetCallbackFunction
                0x00000000       0x16 MCAL/EXTI/EXTI_program.o
 .text          0x00000000        0x0 MCAL/SPI/SPI_program.o
 .data          0x00000000        0x0 MCAL/SPI/SPI_program.o
 .bss           0x00000000        0x0 MCAL/SPI/SPI_program.o
 .text.SPI_voidInit
                0x00000000       0x52 MCAL/SPI/SPI_program.o
 .text.SPI_voidMasterTransmit
                0x00000000        0x8 MCAL/SPI/SPI_program.o
 .text.SPI_u8SlaveReceive
                0x00000000        0x8 MCAL/SPI/SPI_program.o
 .bss.SPI_callBacks
                0x00000000        0x2 MCAL/SPI/SPI_program.o
 .debug_info    0x00000000      0x1fc MCAL/SPI/SPI_program.o
 .debug_abbrev  0x00000000       0xe9 MCAL/SPI/SPI_program.o
 .debug_loc     0x00000000       0x8f MCAL/SPI/SPI_program.o
 .debug_aranges
                0x00000000       0x30 MCAL/SPI/SPI_program.o
 .debug_ranges  0x00000000       0x20 MCAL/SPI/SPI_program.o
 .debug_line    0x00000000      0x106 MCAL/SPI/SPI_program.o
 .debug_str     0x00000000      0x2ff MCAL/SPI/SPI_program.o
 .comment       0x00000000       0x31 MCAL/SPI/SPI_program.o
 .debug_frame   0x00000000       0x50 MCAL/SPI/SPI_program.o
 .text          0x00000000        0x0 MCAL/TIMER0/TIMER0_program.o
 .data          0x00000000        0x0 MCAL/TIMER0/TIMER0_program.o
 .bss           0x00000000        0x0 MCAL/TIMER0/TIMER0_program.o
 .text.TIMER0_voidInit
                0x00000000       0x5a MCAL/TIMER0/TIMER0_program.o
 .text.TIMER0_u8GetCounter
                0x00000000        0x4 MCAL/TIMER0/TIMER0_program.o
 .text.TIMER0_voidSetCounterValue
                0x00000000        0x4 MCAL/TIMER0/TIMER0_program.o
 .text.TIMER0_voidStart
                0x00000000        0xc MCAL/TIMER0/TIMER0_program.o
 .text.TIMER0_voidStop
                0x00000000       0x14 MCAL/TIMER0/TIMER0_program.o
 .text.TIMER0_voidSetDutyCycle
                0x00000000        0x8 MCAL/TIMER0/TIMER0_program.o
 .text.TIMER0_voidSetFrequency
                0x00000000       0x88 MCAL/TIMER0/TIMER0_program.o
 .text.TIMER0_u8CheckFlag
                0x00000000       0x16 MCAL/TIMER0/TIMER0_program.o
 .text.TIMER0_voidClearFlag
                0x00000000       0x16 MCAL/TIMER0/TIMER0_program.o
 .text.TIMER0_voidEnableInterrupt
                0x00000000       0x1c MCAL/TIMER0/TIMER0_program.o
 .text.TIMER0_voidDisableInterrupt
                0x00000000       0x18 MCAL/TIMER0/TIMER0_program.o
 .text.TIMER0_voidSetCallBack
                0x00000000       0x16 MCAL/TIMER0/TIMER0_program.o
 .text.TIMER0_voidSoftwarePWM
                0x00000000       0x38 MCAL/TIMER0/TIMER0_program.o
 .data.prescalarArray
                0x00000000        0xa MCAL/TIMER0/TIMER0_program.o
 .bss.storedPrescalar
                0x00000000        0x1 MCAL/TIMER0/TIMER0_program.o
 .text          0x00000000        0x0 MCAL/TIMER1/TIMER1_program.o
 .data          0x00000000        0x0 MCAL/TIMER1/TIMER1_program.o
 .bss           0x00000000        0x0 MCAL/TIMER1/TIMER1_program.o
 .text.TIMER1_voidInit
                0x00000000       0x90 MCAL/TIMER1/TIMER1_program.o
 .text.TIMER1_u16GetCounter
                0x00000000        0x6 MCAL/TIMER1/TIMER1_program.o
 .text.TIMER1_voidSetCounter
                0x00000000        0x6 MCAL/TIMER1/TIMER1_program.o
 .text.TIMER1_voidStart
                0x00000000        0xc MCAL/TIMER1/TIMER1_program.o
 .text.TIMER1_voidStop
                0x00000000       0x14 MCAL/TIMER1/TIMER1_program.o
 .text.TIMER1_voidSetDutyCycle
                0x00000000       0x3a MCAL/TIMER1/TIMER1_program.o
 .text.TIMER1_voidSetFrequency
                0x00000000       0x9a MCAL/TIMER1/TIMER1_program.o
 .text.TIMER1_voidEnableInterrupt
                0x00000000       0x26 MCAL/TIMER1/TIMER1_program.o
 .text.TIMER1_voidDisableInterrupt
                0x00000000       0x18 MCAL/TIMER1/TIMER1_program.o
 .text.TIMER1_voidSetCallBack
                0x00000000       0x22 MCAL/TIMER1/TIMER1_program.o
 .text.TIM1_ISR_VECTOR_CAPTURE
                0x00000000       0x14 MCAL/TIMER1/TIMER1_program.o
 .data.TIMER1_prescalarArray
                0x00000000        0xa MCAL/TIMER1/TIMER1_program.o
 .bss.TIMER1_storedPrescalar
                0x00000000        0x1 MCAL/TIMER1/TIMER1_program.o
 .bss.TIMER1_captureCallBack
                0x00000000        0x2 MCAL/TIMER1/TIMER1_program.o
 .text          0x00000000        0x0 MCAL/USART/USART_program.o
 .data          0x00000000        0x0 MCAL/USART/USART_program.o
 .bss           0x00000000        0x0 MCAL/USART/USART_program.o
 .text.USART_voidEnableInterruptWithCallback
                0x00000000       0x40 MCAL/USART/USART_program.o
 .text.USART_voidDisableInterrupt
                0x00000000       0x18 MCAL/USART/USART_program.o
 .text          0x00000000        0x0 UTILITY/utility.o
 .data          0x00000000        0x0 UTILITY/utility.o
 .bss           0x00000000        0x0 UTILITY/utility.o
 .text.UTILITY_generateRandomNumber
                0x00000000       0x24 UTILITY/utility.o
 .text.UTILITY_f32ToString
                0x00000000      0x15e UTILITY/utility.o
 .text.UTILITY_stringToInt
                0x00000000       0x82 UTILITY/utility.o
 .debug_info    0x00000000      0x1d6 UTILITY/utility.o
 .debug_abbrev  0x00000000       0xf2 UTILITY/utility.o
 .debug_loc     0x00000000      0x3f0 UTILITY/utility.o
 .debug_aranges
                0x00000000       0x30 UTILITY/utility.o
 .debug_ranges  0x00000000       0x20 UTILITY/utility.o
 .debug_line    0x00000000      0x179 UTILITY/utility.o
 .debug_str     0x00000000      0x1c5 UTILITY/utility.o
 .comment       0x00000000       0x31 UTILITY/utility.o
 .debug_frame   0x00000000       0xb4 UTILITY/utility.o
 .text          0x00000000        0x0 c:/program files (x86)/atmel/studio/7.0/toolchain/avr8/avr8-gnu-toolchain/bin/../lib/gcc/avr/5.4.0/../../../../avr/lib/avr5\libm.a(addsf3.o)
 .data          0x00000000        0x0 c:/program files (x86)/atmel/studio/7.0/toolchain/avr8/avr8-gnu-toolchain/bin/../lib/gcc/avr/5.4.0/../../../../avr/lib/avr5\libm.a(addsf3.o)
 .bss           0x00000000        0x0 c:/program files (x86)/atmel/studio/7.0/toolchain/avr8/avr8-gnu-toolchain/bin/../lib/gcc/avr/5.4.0/../../../../avr/lib/avr5\libm.a(addsf3.o)
 .text.avr-libc.fplib
                0x00000000        0xe c:/program files (x86)/atmel/studio/7.0/toolchain/avr8/avr8-gnu-toolchain/bin/../lib/gcc/avr/5.4.0/../../../../avr/lib/avr5\libm.a(addsf3.o)
 .text          0x00000000        0x0 c:/program files (x86)/atmel/studio/7.0/toolchain/avr8/avr8-gnu-toolchain/bin/../lib/gcc/avr/5.4.0/../../../../avr/lib/avr5\libm.a(addsf3x.o)
 .data          0x00000000        0x0 c:/program files (x86)/atmel/studio/7.0/toolchain/avr8/avr8-gnu-toolchain/bin/../lib/gcc/avr/5.4.0/../../../../avr/lib/avr5\libm.a(addsf3x.o)
 .bss           0x00000000        0x0 c:/program files (x86)/atmel/studio/7.0/toolchain/avr8/avr8-gnu-toolchain/bin/../lib/gcc/avr/5.4.0/../../../../avr/lib/avr5\libm.a(addsf3x.o)
 .text.avr-libc.fplib
                0x00000000       0xcc c:/program files (x86)/atmel/studio/7.0/toolchain/avr8/avr8-gnu-toolchain/bin/../lib/gcc/avr/5.4.0/../../../../avr/lib/avr5\libm.a(addsf3x.o)
 .text          0x00000000        0x0 c:/program files (x86)/atmel/studio/7.0/toolchain/avr8/avr8-gnu-toolchain/bin/../lib/gcc/avr/5.4.0/../../../../avr/lib/avr5\libm.a(divsf3.o)
 .data          0x00000000        0x0 c:/program files (x86)/atmel/studio/7.0/toolchain/avr8/avr8-gnu-toolchain/bin/../lib/gcc/avr/5.4.0/../../../../avr/lib/avr5\libm.a(divsf3.o)
 .bss           0x00000000        0x0 c:/program files (x86)/atmel/studio/7.0/toolchain/avr8/avr8-gnu-toolchain/bin/../lib/gcc/avr/5.4.0/../../../../avr/lib/avr5\libm.a(divsf3.o)
 .text.avr-libc.fplib
                0x00000000        0x8 c:/program files (x86)/atmel/studio/7.0/toolchain/avr8/avr8-gnu-toolchain/bin/../lib/gcc/avr/5.4.0/../../../../avr/lib/avr5\libm.a(divsf3.o)
 .text          0x00000000        0x0 c:/program files (x86)/atmel/studio/7.0/toolchain/avr8/avr8-gnu-toolchain/bin/../lib/gcc/avr/5.4.0/../../../../avr/lib/avr5\libm.a(divsf3x.o)
 .data          0x00000000        0x0 c:/program files (x86)/atmel/studio/7.0/toolchain/avr8/avr8-gnu-toolchain/bin/../lib/gcc/avr/5.4.0/../../../../avr/lib/avr5\libm.a(divsf3x.o)
 .bss           0x00000000        0x0 c:/program files (x86)/atmel/studio/7.0/toolchain/avr8/avr8-gnu-toolchain/bin/../lib/gcc/avr/5.4.0/../../../../avr/lib/avr5\libm.a(divsf3x.o)
 .text.avr-libc.fplib
                0x00000000       0xdc c:/program files (x86)/atmel/studio/7.0/toolchain/avr8/avr8-gnu-toolchain/bin/../lib/gcc/avr/5.4.0/../../../../avr/lib/avr5\libm.a(divsf3x.o)
 .text          0x00000000        0x0 c:/program files (x86)/atmel/studio/7.0/toolchain/avr8/avr8-gnu-toolchain/bin/../lib/gcc/avr/5.4.0/../../../../avr/lib/avr5\libm.a(fixsfsi.o)
 .data          0x00000000        0x0 c:/program files (x86)/atmel/studio/7.0/toolchain/avr8/avr8-gnu-toolchain/bin/../lib/gcc/avr/5.4.0/../../../../avr/lib/avr5\libm.a(fixsfsi.o)
 .bss           0x00000000        0x0 c:/program files (x86)/atmel/studio/7.0/toolchain/avr8/avr8-gnu-toolchain/bin/../lib/gcc/avr/5.4.0/../../../../avr/lib/avr5\libm.a(fixsfsi.o)
 .text.avr-libc.fplib
                0x00000000        0xe c:/program files (x86)/atmel/studio/7.0/toolchain/avr8/avr8-gnu-toolchain/bin/../lib/gcc/avr/5.4.0/../../../../avr/lib/avr5\libm.a(fixsfsi.o)
 .text          0x00000000        0x0 c:/program files (x86)/atmel/studio/7.0/toolchain/avr8/avr8-gnu-toolchain/bin/../lib/gcc/avr/5.4.0/../../../../avr/lib/avr5\libm.a(fixunssfsi.o)
 .data          0x00000000        0x0 c:/program files (x86)/atmel/studio/7.0/toolchain/avr8/avr8-gnu-toolchain/bin/../lib/gcc/avr/5.4.0/../../../../avr/lib/avr5\libm.a(fixunssfsi.o)
 .bss           0x00000000        0x0 c:/program files (x86)/atmel/studio/7.0/toolchain/avr8/avr8-gnu-toolchain/bin/../lib/gcc/avr/5.4.0/../../../../avr/lib/avr5\libm.a(fixunssfsi.o)
 .text.avr-libc.fplib
                0x00000000       0x5e c:/program files (x86)/atmel/studio/7.0/toolchain/avr8/avr8-gnu-toolchain/bin/../lib/gcc/avr/5.4.0/../../../../avr/lib/avr5\libm.a(fixunssfsi.o)
 .text          0x00000000        0x0 c:/program files (x86)/atmel/studio/7.0/toolchain/avr8/avr8-gnu-toolchain/bin/../lib/gcc/avr/5.4.0/../../../../avr/lib/avr5\libm.a(floatsisf.o)
 .data          0x00000000        0x0 c:/program files (x86)/atmel/studio/7.0/toolchain/avr8/avr8-gnu-toolchain/bin/../lib/gcc/avr/5.4.0/../../../../avr/lib/avr5\libm.a(floatsisf.o)
 .bss           0x00000000        0x0 c:/program files (x86)/atmel/studio/7.0/toolchain/avr8/avr8-gnu-toolchain/bin/../lib/gcc/avr/5.4.0/../../../../avr/lib/avr5\libm.a(floatsisf.o)
 .text.avr-libc.fplib
                0x00000000       0x7a c:/program files (x86)/atmel/studio/7.0/toolchain/avr8/avr8-gnu-toolchain/bin/../lib/gcc/avr/5.4.0/../../../../avr/lib/avr5\libm.a(floatsisf.o)
 .text          0x00000000        0x0 c:/program files (x86)/atmel/studio/7.0/toolchain/avr8/avr8-gnu-toolchain/bin/../lib/gcc/avr/5.4.0/../../../../avr/lib/avr5\libm.a(fp_inf.o)
 .data          0x00000000        0x0 c:/program files (x86)/atmel/studio/7.0/toolchain/avr8/avr8-gnu-toolchain/bin/../lib/gcc/avr/5.4.0/../../../../avr/lib/avr5\libm.a(fp_inf.o)
 .bss           0x00000000        0x0 c:/program files (x86)/atmel/studio/7.0/toolchain/avr8/avr8-gnu-toolchain/bin/../lib/gcc/avr/5.4.0/../../../../avr/lib/avr5\libm.a(fp_inf.o)
 .text.avr-libc.fplib
                0x00000000        0xc c:/program files (x86)/atmel/studio/7.0/toolchain/avr8/avr8-gnu-toolchain/bin/../lib/gcc/avr/5.4.0/../../../../avr/lib/avr5\libm.a(fp_inf.o)
 .text          0x00000000        0x0 c:/program files (x86)/atmel/studio/7.0/toolchain/avr8/avr8-gnu-toolchain/bin/../lib/gcc/avr/5.4.0/../../../../avr/lib/avr5\libm.a(fp_nan.o)
 .data          0x00000000        0x0 c:/program files (x86)/atmel/studio/7.0/toolchain/avr8/avr8-gnu-toolchain/bin/../lib/gcc/avr/5.4.0/../../../../avr/lib/avr5\libm.a(fp_nan.o)
 .bss           0x00000000        0x0 c:/program files (x86)/atmel/studio/7.0/toolchain/avr8/avr8-gnu-toolchain/bin/../lib/gcc/avr/5.4.0/../../../../avr/lib/avr5\libm.a(fp_nan.o)
 .text.avr-libc.fplib
                0x00000000        0x6 c:/program files (x86)/atmel/studio/7.0/toolchain/avr8/avr8-gnu-toolchain/bin/../lib/gcc/avr/5.4.0/../../../../avr/lib/avr5\libm.a(fp_nan.o)
 .text          0x00000000        0x0 c:/program files (x86)/atmel/studio/7.0/toolchain/avr8/avr8-gnu-toolchain/bin/../lib/gcc/avr/5.4.0/../../../../avr/lib/avr5\libm.a(fp_pscA.o)
 .data          0x00000000        0x0 c:/program files (x86)/atmel/studio/7.0/toolchain/avr8/avr8-gnu-toolchain/bin/../lib/gcc/avr/5.4.0/../../../../avr/lib/avr5\libm.a(fp_pscA.o)
 .bss           0x00000000        0x0 c:/program files (x86)/atmel/studio/7.0/toolchain/avr8/avr8-gnu-toolchain/bin/../lib/gcc/avr/5.4.0/../../../../avr/lib/avr5\libm.a(fp_pscA.o)
 .text.avr-libc.fplib
                0x00000000        0xe c:/program files (x86)/atmel/studio/7.0/toolchain/avr8/avr8-gnu-toolchain/bin/../lib/gcc/avr/5.4.0/../../../../avr/lib/avr5\libm.a(fp_pscA.o)
 .text          0x00000000        0x0 c:/program files (x86)/atmel/studio/7.0/toolchain/avr8/avr8-gnu-toolchain/bin/../lib/gcc/avr/5.4.0/../../../../avr/lib/avr5\libm.a(fp_pscB.o)
 .data          0x00000000        0x0 c:/program files (x86)/atmel/studio/7.0/toolchain/avr8/avr8-gnu-toolchain/bin/../lib/gcc/avr/5.4.0/../../../../avr/lib/avr5\libm.a(fp_pscB.o)
 .bss           0x00000000        0x0 c:/program files (x86)/atmel/studio/7.0/toolchain/avr8/avr8-gnu-toolchain/bin/../lib/gcc/avr/5.4.0/../../../../avr/lib/avr5\libm.a(fp_pscB.o)
 .text.avr-libc.fplib
                0x00000000        0xe c:/program files (x86)/atmel/studio/7.0/toolchain/avr8/avr8-gnu-toolchain/bin/../lib/gcc/avr/5.4.0/../../../../avr/lib/avr5\libm.a(fp_pscB.o)
 .text          0x00000000        0x0 c:/program files (x86)/atmel/studio/7.0/toolchain/avr8/avr8-gnu-toolchain/bin/../lib/gcc/avr/5.4.0/../../../../avr/lib/avr5\libm.a(fp_round.o)
 .data          0x00000000        0x0 c:/program files (x86)/atmel/studio/7.0/toolchain/avr8/avr8-gnu-toolchain/bin/../lib/gcc/avr/5.4.0/../../../../avr/lib/avr5\libm.a(fp_round.o)
 .bss           0x00000000        0x0 c:/program files (x86)/atmel/studio/7.0/toolchain/avr8/avr8-gnu-toolchain/bin/../lib/gcc/avr/5.4.0/../../../../avr/lib/avr5\libm.a(fp_round.o)
 .text.avr-libc.fplib
                0x00000000       0x22 c:/program files (x86)/atmel/studio/7.0/toolchain/avr8/avr8-gnu-toolchain/bin/../lib/gcc/avr/5.4.0/../../../../avr/lib/avr5\libm.a(fp_round.o)
 .text          0x00000000        0x0 c:/program files (x86)/atmel/studio/7.0/toolchain/avr8/avr8-gnu-toolchain/bin/../lib/gcc/avr/5.4.0/../../../../avr/lib/avr5\libm.a(fp_split3.o)
 .data          0x00000000        0x0 c:/program files (x86)/atmel/studio/7.0/toolchain/avr8/avr8-gnu-toolchain/bin/../lib/gcc/avr/5.4.0/../../../../avr/lib/avr5\libm.a(fp_split3.o)
 .bss           0x00000000        0x0 c:/program files (x86)/atmel/studio/7.0/toolchain/avr8/avr8-gnu-toolchain/bin/../lib/gcc/avr/5.4.0/../../../../avr/lib/avr5\libm.a(fp_split3.o)
 .text.avr-libc.fplib
                0x00000000       0x44 c:/program files (x86)/atmel/studio/7.0/toolchain/avr8/avr8-gnu-toolchain/bin/../lib/gcc/avr/5.4.0/../../../../avr/lib/avr5\libm.a(fp_split3.o)
 .text          0x00000000        0x0 c:/program files (x86)/atmel/studio/7.0/toolchain/avr8/avr8-gnu-toolchain/bin/../lib/gcc/avr/5.4.0/../../../../avr/lib/avr5\libm.a(fp_zero.o)
 .data          0x00000000        0x0 c:/program files (x86)/atmel/studio/7.0/toolchain/avr8/avr8-gnu-toolchain/bin/../lib/gcc/avr/5.4.0/../../../../avr/lib/avr5\libm.a(fp_zero.o)
 .bss           0x00000000        0x0 c:/program files (x86)/atmel/studio/7.0/toolchain/avr8/avr8-gnu-toolchain/bin/../lib/gcc/avr/5.4.0/../../../../avr/lib/avr5\libm.a(fp_zero.o)
 .text.avr-libc.fplib
                0x00000000        0xe c:/program files (x86)/atmel/studio/7.0/toolchain/avr8/avr8-gnu-toolchain/bin/../lib/gcc/avr/5.4.0/../../../../avr/lib/avr5\libm.a(fp_zero.o)
 .text          0x00000000        0x0 c:/program files (x86)/atmel/studio/7.0/toolchain/avr8/avr8-gnu-toolchain/bin/../lib/gcc/avr/5.4.0/../../../../avr/lib/avr5\libm.a(mulsf3.o)
 .data          0x00000000        0x0 c:/program files (x86)/atmel/studio/7.0/toolchain/avr8/avr8-gnu-toolchain/bin/../lib/gcc/avr/5.4.0/../../../../avr/lib/avr5\libm.a(mulsf3.o)
 .bss           0x00000000        0x0 c:/program files (x86)/atmel/studio/7.0/toolchain/avr8/avr8-gnu-toolchain/bin/../lib/gcc/avr/5.4.0/../../../../avr/lib/avr5\libm.a(mulsf3.o)
 .text.avr-libc.fplib
                0x00000000        0x8 c:/program files (x86)/atmel/studio/7.0/toolchain/avr8/avr8-gnu-toolchain/bin/../lib/gcc/avr/5.4.0/../../../../avr/lib/avr5\libm.a(mulsf3.o)
 .text          0x00000000        0x0 c:/program files (x86)/atmel/studio/7.0/toolchain/avr8/avr8-gnu-toolchain/bin/../lib/gcc/avr/5.4.0/../../../../avr/lib/avr5\libm.a(mulsf3x.o)
 .data          0x00000000        0x0 c:/program files (x86)/atmel/studio/7.0/toolchain/avr8/avr8-gnu-toolchain/bin/../lib/gcc/avr/5.4.0/../../../../avr/lib/avr5\libm.a(mulsf3x.o)
 .bss           0x00000000        0x0 c:/program files (x86)/atmel/studio/7.0/toolchain/avr8/avr8-gnu-toolchain/bin/../lib/gcc/avr/5.4.0/../../../../avr/lib/avr5\libm.a(mulsf3x.o)
 .text.avr-libc.fplib
                0x00000000       0xd2 c:/program files (x86)/atmel/studio/7.0/toolchain/avr8/avr8-gnu-toolchain/bin/../lib/gcc/avr/5.4.0/../../../../avr/lib/avr5\libm.a(mulsf3x.o)
 .text          0x00000000        0x0 c:/program files (x86)/atmel/studio/7.0/toolchain/avr8/avr8-gnu-toolchain/bin/../lib/gcc/avr/5.4.0/avr5\libgcc.a(_udivmodhi4.o)
 .data          0x00000000        0x0 c:/program files (x86)/atmel/studio/7.0/toolchain/avr8/avr8-gnu-toolchain/bin/../lib/gcc/avr/5.4.0/avr5\libgcc.a(_udivmodhi4.o)
 .bss           0x00000000        0x0 c:/program files (x86)/atmel/studio/7.0/toolchain/avr8/avr8-gnu-toolchain/bin/../lib/gcc/avr/5.4.0/avr5\libgcc.a(_udivmodhi4.o)
 .text.libgcc.mul
                0x00000000        0x0 c:/program files (x86)/atmel/studio/7.0/toolchain/avr8/avr8-gnu-toolchain/bin/../lib/gcc/avr/5.4.0/avr5\libgcc.a(_udivmodhi4.o)
 .text.libgcc.div
                0x00000000       0x28 c:/program files (x86)/atmel/studio/7.0/toolchain/avr8/avr8-gnu-toolchain/bin/../lib/gcc/avr/5.4.0/avr5\libgcc.a(_udivmodhi4.o)
 .text.libgcc   0x00000000        0x0 c:/program files (x86)/atmel/studio/7.0/toolchain/avr8/avr8-gnu-toolchain/bin/../lib/gcc/avr/5.4.0/avr5\libgcc.a(_udivmodhi4.o)
 .text.libgcc.prologue
                0x00000000        0x0 c:/program files (x86)/atmel/studio/7.0/toolchain/avr8/avr8-gnu-toolchain/bin/../lib/gcc/avr/5.4.0/avr5\libgcc.a(_udivmodhi4.o)
 .text.libgcc.builtins
                0x00000000        0x0 c:/program files (x86)/atmel/studio/7.0/toolchain/avr8/avr8-gnu-toolchain/bin/../lib/gcc/avr/5.4.0/avr5\libgcc.a(_udivmodhi4.o)
 .text.libgcc.fmul
                0x00000000        0x0 c:/program files (x86)/atmel/studio/7.0/toolchain/avr8/avr8-gnu-toolchain/bin/../lib/gcc/avr/5.4.0/avr5\libgcc.a(_udivmodhi4.o)
 .text.libgcc.fixed
                0x00000000        0x0 c:/program files (x86)/atmel/studio/7.0/toolchain/avr8/avr8-gnu-toolchain/bin/../lib/gcc/avr/5.4.0/avr5\libgcc.a(_udivmodhi4.o)
 .text          0x00000000        0x0 c:/program files (x86)/atmel/studio/7.0/toolchain/avr8/avr8-gnu-toolchain/bin/../lib/gcc/avr/5.4.0/avr5\libgcc.a(_divmodhi4.o)
 .data          0x00000000        0x0 c:/program files (x86)/atmel/studio/7.0/toolchain/avr8/avr8-gnu-toolchain/bin/../lib/gcc/avr/5.4.0/avr5\libgcc.a(_divmodhi4.o)
 .bss           0x00000000        0x0 c:/program files (x86)/atmel/studio/7.0/toolchain/avr8/avr8-gnu-toolchain/bin/../lib/gcc/avr/5.4.0/avr5\libgcc.a(_divmodhi4.o)
 .text.libgcc.mul
                0x00000000        0x0 c:/program files (x86)/atmel/studio/7.0/toolchain/avr8/avr8-gnu-toolchain/bin/../lib/gcc/avr/5.4.0/avr5\libgcc.a(_divmodhi4.o)
 .text.libgcc.div
                0x00000000       0x28 c:/program files (x86)/atmel/studio/7.0/toolchain/avr8/avr8-gnu-toolchain/bin/../lib/gcc/avr/5.4.0/avr5\libgcc.a(_divmodhi4.o)
 .text.libgcc   0x00000000        0x0 c:/program files (x86)/atmel/studio/7.0/toolchain/avr8/avr8-gnu-toolchain/bin/../lib/gcc/avr/5.4.0/avr5\libgcc.a(_divmodhi4.o)
 .text.libgcc.prologue
                0x00000000        0x0 c:/program files (x86)/atmel/studio/7.0/toolchain/avr8/avr8-gnu-toolchain/bin/../lib/gcc/avr/5.4.0/avr5\libgcc.a(_divmodhi4.o)
 .text.libgcc.builtins
                0x00000000        0x0 c:/program files (x86)/atmel/studio/7.0/toolchain/avr8/avr8-gnu-toolchain/bin/../lib/gcc/avr/5.4.0/avr5\libgcc.a(_divmodhi4.o)
 .text.libgcc.fmul
                0x00000000        0x0 c:/program files (x86)/atmel/studio/7.0/toolchain/avr8/avr8-gnu-toolchain/bin/../lib/gcc/avr/5.4.0/avr5\libgcc.a(_divmodhi4.o)
 .text.libgcc.fixed
                0x00000000        0x0 c:/program files (x86)/atmel/studio/7.0/toolchain/avr8/avr8-gnu-toolchain/bin/../lib/gcc/avr/5.4.0/avr5\libgcc.a(_divmodhi4.o)
 .text          0x00000000        0x0 c:/program files (x86)/atmel/studio/7.0/toolchain/avr8/avr8-gnu-toolchain/bin/../lib/gcc/avr/5.4.0/avr5\libgcc.a(_udivmodsi4.o)
 .data          0x00000000        0x0 c:/program files (x86)/atmel/studio/7.0/toolchain/avr8/avr8-gnu-toolchain/bin/../lib/gcc/avr/5.4.0/avr5\libgcc.a(_udivmodsi4.o)
 .bss           0x00000000        0x0 c:/program files (x86)/atmel/studio/7.0/toolchain/avr8/avr8-gnu-toolchain/bin/../lib/gcc/avr/5.4.0/avr5\libgcc.a(_udivmodsi4.o)
 .text.libgcc.mul
                0x00000000        0x0 c:/program files (x86)/atmel/studio/7.0/toolchain/avr8/avr8-gnu-toolchain/bin/../lib/gcc/avr/5.4.0/avr5\libgcc.a(_udivmodsi4.o)
 .text.libgcc   0x00000000        0x0 c:/program files (x86)/atmel/studio/7.0/toolchain/avr8/avr8-gnu-toolchain/bin/../lib/gcc/avr/5.4.0/avr5\libgcc.a(_udivmodsi4.o)
 .text.libgcc.prologue
                0x00000000        0x0 c:/program files (x86)/atmel/studio/7.0/toolchain/avr8/avr8-gnu-toolchain/bin/../lib/gcc/avr/5.4.0/avr5\libgcc.a(_udivmodsi4.o)
 .text.libgcc.builtins
                0x00000000        0x0 c:/program files (x86)/atmel/studio/7.0/toolchain/avr8/avr8-gnu-toolchain/bin/../lib/gcc/avr/5.4.0/avr5\libgcc.a(_udivmodsi4.o)
 .text.libgcc.fmul
                0x00000000        0x0 c:/program files (x86)/atmel/studio/7.0/toolchain/avr8/avr8-gnu-toolchain/bin/../lib/gcc/avr/5.4.0/avr5\libgcc.a(_udivmodsi4.o)
 .text.libgcc.fixed
                0x00000000        0x0 c:/program files (x86)/atmel/studio/7.0/toolchain/avr8/avr8-gnu-toolchain/bin/../lib/gcc/avr/5.4.0/avr5\libgcc.a(_udivmodsi4.o)
 .text          0x00000000        0x0 c:/program files (x86)/atmel/studio/7.0/toolchain/avr8/avr8-gnu-toolchain/bin/../lib/gcc/avr/5.4.0/avr5\libgcc.a(_exit.o)
 .data          0x00000000        0x0 c:/program files (x86)/atmel/studio/7.0/toolchain/avr8/avr8-gnu-toolchain/bin/../lib/gcc/avr/5.4.0/avr5\libgcc.a(_exit.o)
 .bss           0x00000000        0x0 c:/program files (x86)/atmel/studio/7.0/toolchain/avr8/avr8-gnu-toolchain/bin/../lib/gcc/avr/5.4.0/avr5\libgcc.a(_exit.o)
 .text.libgcc.mul
                0x00000000        0x0 c:/program files (x86)/atmel/studio/7.0/toolchain/avr8/avr8-gnu-toolchain/bin/../lib/gcc/avr/5.4.0/avr5\libgcc.a(_exit.o)
 .text.libgcc.div
                0x00000000        0x0 c:/program files (x86)/atmel/studio/7.0/toolchain/avr8/avr8-gnu-toolchain/bin/../lib/gcc/avr/5.4.0/avr5\libgcc.a(_exit.o)
 .text.libgcc   0x00000000        0x0 c:/program files (x86)/atmel/studio/7.0/toolchain/avr8/avr8-gnu-toolchain/bin/../lib/gcc/avr/5.4.0/avr5\libgcc.a(_exit.o)
 .text.libgcc.prologue
                0x00000000        0x0 c:/program files (x86)/atmel/studio/7.0/toolchain/avr8/avr8-gnu-toolchain/bin/../lib/gcc/avr/5.4.0/avr5\libgcc.a(_exit.o)
 .text.libgcc.builtins
                0x00000000        0x0 c:/program files (x86)/atmel/studio/7.0/toolchain/avr8/avr8-gnu-toolchain/bin/../lib/gcc/avr/5.4.0/avr5\libgcc.a(_exit.o)
 .text.libgcc.fmul
                0x00000000        0x0 c:/program files (x86)/atmel/studio/7.0/toolchain/avr8/avr8-gnu-toolchain/bin/../lib/gcc/avr/5.4.0/avr5\libgcc.a(_exit.o)
 .text.libgcc.fixed
                0x00000000        0x0 c:/program files (x86)/atmel/studio/7.0/toolchain/avr8/avr8-gnu-toolchain/bin/../lib/gcc/avr/5.4.0/avr5\libgcc.a(_exit.o)
 .text          0x00000000        0x0 c:/program files (x86)/atmel/studio/7.0/toolchain/avr8/avr8-gnu-toolchain/bin/../lib/gcc/avr/5.4.0/avr5\libgcc.a(_copy_data.o)
 .data          0x00000000        0x0 c:/program files (x86)/atmel/studio/7.0/toolchain/avr8/avr8-gnu-toolchain/bin/../lib/gcc/avr/5.4.0/avr5\libgcc.a(_copy_data.o)
 .bss           0x00000000        0x0 c:/program files (x86)/atmel/studio/7.0/toolchain/avr8/avr8-gnu-toolchain/bin/../lib/gcc/avr/5.4.0/avr5\libgcc.a(_copy_data.o)
 .text.libgcc.mul
                0x00000000        0x0 c:/program files (x86)/atmel/studio/7.0/toolchain/avr8/avr8-gnu-toolchain/bin/../lib/gcc/avr/5.4.0/avr5\libgcc.a(_copy_data.o)
 .text.libgcc.div
                0x00000000        0x0 c:/program files (x86)/atmel/studio/7.0/toolchain/avr8/avr8-gnu-toolchain/bin/../lib/gcc/avr/5.4.0/avr5\libgcc.a(_copy_data.o)
 .text.libgcc   0x00000000        0x0 c:/program files (x86)/atmel/studio/7.0/toolchain/avr8/avr8-gnu-toolchain/bin/../lib/gcc/avr/5.4.0/avr5\libgcc.a(_copy_data.o)
 .text.libgcc.prologue
                0x00000000        0x0 c:/program files (x86)/atmel/studio/7.0/toolchain/avr8/avr8-gnu-toolchain/bin/../lib/gcc/avr/5.4.0/avr5\libgcc.a(_copy_data.o)
 .text.libgcc.builtins
                0x00000000        0x0 c:/program files (x86)/atmel/studio/7.0/toolchain/avr8/avr8-gnu-toolchain/bin/../lib/gcc/avr/5.4.0/avr5\libgcc.a(_copy_data.o)
 .text.libgcc.fmul
                0x00000000        0x0 c:/program files (x86)/atmel/studio/7.0/toolchain/avr8/avr8-gnu-toolchain/bin/../lib/gcc/avr/5.4.0/avr5\libgcc.a(_copy_data.o)
 .text.libgcc.fixed
                0x00000000        0x0 c:/program files (x86)/atmel/studio/7.0/toolchain/avr8/avr8-gnu-toolchain/bin/../lib/gcc/avr/5.4.0/avr5\libgcc.a(_copy_data.o)
 .text          0x00000000        0x0 c:/program files (x86)/atmel/studio/7.0/toolchain/avr8/avr8-gnu-toolchain/bin/../lib/gcc/avr/5.4.0/avr5\libgcc.a(_clear_bss.o)
 .data          0x00000000        0x0 c:/program files (x86)/atmel/studio/7.0/toolchain/avr8/avr8-gnu-toolchain/bin/../lib/gcc/avr/5.4.0/avr5\libgcc.a(_clear_bss.o)
 .bss           0x00000000        0x0 c:/program files (x86)/atmel/studio/7.0/toolchain/avr8/avr8-gnu-toolchain/bin/../lib/gcc/avr/5.4.0/avr5\libgcc.a(_clear_bss.o)
 .text.libgcc.mul
                0x00000000        0x0 c:/program files (x86)/atmel/studio/7.0/toolchain/avr8/avr8-gnu-toolchain/bin/../lib/gcc/avr/5.4.0/avr5\libgcc.a(_clear_bss.o)
 .text.libgcc.div
                0x00000000        0x0 c:/program files (x86)/atmel/studio/7.0/toolchain/avr8/avr8-gnu-toolchain/bin/../lib/gcc/avr/5.4.0/avr5\libgcc.a(_clear_bss.o)
 .text.libgcc   0x00000000        0x0 c:/program files (x86)/atmel/studio/7.0/toolchain/avr8/avr8-gnu-toolchain/bin/../lib/gcc/avr/5.4.0/avr5\libgcc.a(_clear_bss.o)
 .text.libgcc.prologue
                0x00000000        0x0 c:/program files (x86)/atmel/studio/7.0/toolchain/avr8/avr8-gnu-toolchain/bin/../lib/gcc/avr/5.4.0/avr5\libgcc.a(_clear_bss.o)
 .text.libgcc.builtins
                0x00000000        0x0 c:/program files (x86)/atmel/studio/7.0/toolchain/avr8/avr8-gnu-toolchain/bin/../lib/gcc/avr/5.4.0/avr5\libgcc.a(_clear_bss.o)
 .text.libgcc.fmul
                0x00000000        0x0 c:/program files (x86)/atmel/studio/7.0/toolchain/avr8/avr8-gnu-toolchain/bin/../lib/gcc/avr/5.4.0/avr5\libgcc.a(_clear_bss.o)
 .text.libgcc.fixed
                0x00000000        0x0 c:/program files (x86)/atmel/studio/7.0/toolchain/avr8/avr8-gnu-toolchain/bin/../lib/gcc/avr/5.4.0/avr5\libgcc.a(_clear_bss.o)
 .text          0x00000000        0x0 c:/program files (x86)/atmel/studio/7.0/toolchain/avr8/avr8-gnu-toolchain/bin/../lib/gcc/avr/5.4.0/avr5\libgcc.a(_umulhisi3.o)
 .data          0x00000000        0x0 c:/program files (x86)/atmel/studio/7.0/toolchain/avr8/avr8-gnu-toolchain/bin/../lib/gcc/avr/5.4.0/avr5\libgcc.a(_umulhisi3.o)
 .bss           0x00000000        0x0 c:/program files (x86)/atmel/studio/7.0/toolchain/avr8/avr8-gnu-toolchain/bin/../lib/gcc/avr/5.4.0/avr5\libgcc.a(_umulhisi3.o)
 .text.libgcc.mul
                0x00000000       0x1e c:/program files (x86)/atmel/studio/7.0/toolchain/avr8/avr8-gnu-toolchain/bin/../lib/gcc/avr/5.4.0/avr5\libgcc.a(_umulhisi3.o)
 .text.libgcc.div
                0x00000000        0x0 c:/program files (x86)/atmel/studio/7.0/toolchain/avr8/avr8-gnu-toolchain/bin/../lib/gcc/avr/5.4.0/avr5\libgcc.a(_umulhisi3.o)
 .text.libgcc   0x00000000        0x0 c:/program files (x86)/atmel/studio/7.0/toolchain/avr8/avr8-gnu-toolchain/bin/../lib/gcc/avr/5.4.0/avr5\libgcc.a(_umulhisi3.o)
 .text.libgcc.prologue
                0x00000000        0x0 c:/program files (x86)/atmel/studio/7.0/toolchain/avr8/avr8-gnu-toolchain/bin/../lib/gcc/avr/5.4.0/avr5\libgcc.a(_umulhisi3.o)
 .text.libgcc.builtins
                0x00000000        0x0 c:/program files (x86)/atmel/studio/7.0/toolchain/avr8/avr8-gnu-toolchain/bin/../lib/gcc/avr/5.4.0/avr5\libgcc.a(_umulhisi3.o)
 .text.libgcc.fmul
                0x00000000        0x0 c:/program files (x86)/atmel/studio/7.0/toolchain/avr8/avr8-gnu-toolchain/bin/../lib/gcc/avr/5.4.0/avr5\libgcc.a(_umulhisi3.o)
 .text.libgcc.fixed
                0x00000000        0x0 c:/program files (x86)/atmel/studio/7.0/toolchain/avr8/avr8-gnu-toolchain/bin/../lib/gcc/avr/5.4.0/avr5\libgcc.a(_umulhisi3.o)
 .text          0x00000000        0x0 c:/program files (x86)/atmel/studio/7.0/toolchain/avr8/avr8-gnu-toolchain/bin/../lib/gcc/avr/5.4.0/avr5\libgcc.a(_muluhisi3.o)
 .data          0x00000000        0x0 c:/program files (x86)/atmel/studio/7.0/toolchain/avr8/avr8-gnu-toolchain/bin/../lib/gcc/avr/5.4.0/avr5\libgcc.a(_muluhisi3.o)
 .bss           0x00000000        0x0 c:/program files (x86)/atmel/studio/7.0/toolchain/avr8/avr8-gnu-toolchain/bin/../lib/gcc/avr/5.4.0/avr5\libgcc.a(_muluhisi3.o)
 .text.libgcc.mul
                0x00000000       0x16 c:/program files (x86)/atmel/studio/7.0/toolchain/avr8/avr8-gnu-toolchain/bin/../lib/gcc/avr/5.4.0/avr5\libgcc.a(_muluhisi3.o)
 .text.libgcc.div
                0x00000000        0x0 c:/program files (x86)/atmel/studio/7.0/toolchain/avr8/avr8-gnu-toolchain/bin/../lib/gcc/avr/5.4.0/avr5\libgcc.a(_muluhisi3.o)
 .text.libgcc   0x00000000        0x0 c:/program files (x86)/atmel/studio/7.0/toolchain/avr8/avr8-gnu-toolchain/bin/../lib/gcc/avr/5.4.0/avr5\libgcc.a(_muluhisi3.o)
 .text.libgcc.prologue
                0x00000000        0x0 c:/program files (x86)/atmel/studio/7.0/toolchain/avr8/avr8-gnu-toolchain/bin/../lib/gcc/avr/5.4.0/avr5\libgcc.a(_muluhisi3.o)
 .text.libgcc.builtins
                0x00000000        0x0 c:/program files (x86)/atmel/studio/7.0/toolchain/avr8/avr8-gnu-toolchain/bin/../lib/gcc/avr/5.4.0/avr5\libgcc.a(_muluhisi3.o)
 .text.libgcc.fmul
                0x00000000        0x0 c:/program files (x86)/atmel/studio/7.0/toolchain/avr8/avr8-gnu-toolchain/bin/../lib/gcc/avr/5.4.0/avr5\libgcc.a(_muluhisi3.o)
 .text.libgcc.fixed
                0x00000000        0x0 c:/program files (x86)/atmel/studio/7.0/toolchain/avr8/avr8-gnu-toolchain/bin/../lib/gcc/avr/5.4.0/avr5\libgcc.a(_muluhisi3.o)
 .text          0x00000000        0x0 c:/program files (x86)/atmel/studio/7.0/toolchain/avr8/avr8-gnu-toolchain/bin/../lib/gcc/avr/5.4.0/../../../../avr/lib/avr5\libc.a(rand.o)
 .data          0x00000000        0x4 c:/program files (x86)/atmel/studio/7.0/toolchain/avr8/avr8-gnu-toolchain/bin/../lib/gcc/avr/5.4.0/../../../../avr/lib/avr5\libc.a(rand.o)
 .bss           0x00000000        0x0 c:/program files (x86)/atmel/studio/7.0/toolchain/avr8/avr8-gnu-toolchain/bin/../lib/gcc/avr/5.4.0/../../../../avr/lib/avr5\libc.a(rand.o)
 .text.avr-libc
                0x00000000       0xb8 c:/program files (x86)/atmel/studio/7.0/toolchain/avr8/avr8-gnu-toolchain/bin/../lib/gcc/avr/5.4.0/../../../../avr/lib/avr5\libc.a(rand.o)
 .comment       0x00000000       0x31 c:/program files (x86)/atmel/studio/7.0/toolchain/avr8/avr8-gnu-toolchain/bin/../lib/gcc/avr/5.4.0/../../../../avr/lib/avr5\libc.a(rand.o)
 .text          0x00000000        0x0 c:/program files (x86)/atmel/studio/7.0/toolchain/avr8/avr8-gnu-toolchain/bin/../lib/gcc/avr/5.4.0/avr5\libgcc.a(_divmodsi4.o)
 .data          0x00000000        0x0 c:/program files (x86)/atmel/studio/7.0/toolchain/avr8/avr8-gnu-toolchain/bin/../lib/gcc/avr/5.4.0/avr5\libgcc.a(_divmodsi4.o)
 .bss           0x00000000        0x0 c:/program files (x86)/atmel/studio/7.0/toolchain/avr8/avr8-gnu-toolchain/bin/../lib/gcc/avr/5.4.0/avr5\libgcc.a(_divmodsi4.o)
 .text.libgcc.mul
                0x00000000        0x0 c:/program files (x86)/atmel/studio/7.0/toolchain/avr8/avr8-gnu-toolchain/bin/../lib/gcc/avr/5.4.0/avr5\libgcc.a(_divmodsi4.o)
 .text.libgcc.div
                0x00000000       0x2e c:/program files (x86)/atmel/studio/7.0/toolchain/avr8/avr8-gnu-toolchain/bin/../lib/gcc/avr/5.4.0/avr5\libgcc.a(_divmodsi4.o)
 .text.libgcc   0x00000000        0x0 c:/program files (x86)/atmel/studio/7.0/toolchain/avr8/avr8-gnu-toolchain/bin/../lib/gcc/avr/5.4.0/avr5\libgcc.a(_divmodsi4.o)
 .text.libgcc.prologue
                0x00000000        0x0 c:/program files (x86)/atmel/studio/7.0/toolchain/avr8/avr8-gnu-toolchain/bin/../lib/gcc/avr/5.4.0/avr5\libgcc.a(_divmodsi4.o)
 .text.libgcc.builtins
                0x00000000        0x0 c:/program files (x86)/atmel/studio/7.0/toolchain/avr8/avr8-gnu-toolchain/bin/../lib/gcc/avr/5.4.0/avr5\libgcc.a(_divmodsi4.o)
 .text.libgcc.fmul
                0x00000000        0x0 c:/program files (x86)/atmel/studio/7.0/toolchain/avr8/avr8-gnu-toolchain/bin/../lib/gcc/avr/5.4.0/avr5\libgcc.a(_divmodsi4.o)
 .text.libgcc.fixed
                0x00000000        0x0 c:/program files (x86)/atmel/studio/7.0/toolchain/avr8/avr8-gnu-toolchain/bin/../lib/gcc/avr/5.4.0/avr5\libgcc.a(_divmodsi4.o)
 .text          0x00000000        0x0 c:/program files (x86)/atmel/studio/7.0/toolchain/avr8/avr8-gnu-toolchain/bin/../lib/gcc/avr/5.4.0/avr5\libgcc.a(_negsi2.o)
 .data          0x00000000        0x0 c:/program files (x86)/atmel/studio/7.0/toolchain/avr8/avr8-gnu-toolchain/bin/../lib/gcc/avr/5.4.0/avr5\libgcc.a(_negsi2.o)
 .bss           0x00000000        0x0 c:/program files (x86)/atmel/studio/7.0/toolchain/avr8/avr8-gnu-toolchain/bin/../lib/gcc/avr/5.4.0/avr5\libgcc.a(_negsi2.o)
 .text.libgcc.mul
                0x00000000        0x0 c:/program files (x86)/atmel/studio/7.0/toolchain/avr8/avr8-gnu-toolchain/bin/../lib/gcc/avr/5.4.0/avr5\libgcc.a(_negsi2.o)
 .text.libgcc.div
                0x00000000       0x10 c:/program files (x86)/atmel/studio/7.0/toolchain/avr8/avr8-gnu-toolchain/bin/../lib/gcc/avr/5.4.0/avr5\libgcc.a(_negsi2.o)
 .text.libgcc   0x00000000        0x0 c:/program files (x86)/atmel/studio/7.0/toolchain/avr8/avr8-gnu-toolchain/bin/../lib/gcc/avr/5.4.0/avr5\libgcc.a(_negsi2.o)
 .text.libgcc.prologue
                0x00000000        0x0 c:/program files (x86)/atmel/studio/7.0/toolchain/avr8/avr8-gnu-toolchain/bin/../lib/gcc/avr/5.4.0/avr5\libgcc.a(_negsi2.o)
 .text.libgcc.builtins
                0x00000000        0x0 c:/program files (x86)/atmel/studio/7.0/toolchain/avr8/avr8-gnu-toolchain/bin/../lib/gcc/avr/5.4.0/avr5\libgcc.a(_negsi2.o)
 .text.libgcc.fmul
                0x00000000        0x0 c:/program files (x86)/atmel/studio/7.0/toolchain/avr8/avr8-gnu-toolchain/bin/../lib/gcc/avr/5.4.0/avr5\libgcc.a(_negsi2.o)
 .text.libgcc.fixed
                0x00000000        0x0 c:/program files (x86)/atmel/studio/7.0/toolchain/avr8/avr8-gnu-toolchain/bin/../lib/gcc/avr/5.4.0/avr5\libgcc.a(_negsi2.o)
 .text          0x00000000        0x0 c:/program files (x86)/atmel/studio/7.0/toolchain/avr8/avr8-gnu-toolchain/bin/../lib/gcc/avr/5.4.0/avr5\libgcc.a(_mulshisi3.o)
 .data          0x00000000        0x0 c:/program files (x86)/atmel/studio/7.0/toolchain/avr8/avr8-gnu-toolchain/bin/../lib/gcc/avr/5.4.0/avr5\libgcc.a(_mulshisi3.o)
 .bss           0x00000000        0x0 c:/program files (x86)/atmel/studio/7.0/toolchain/avr8/avr8-gnu-toolchain/bin/../lib/gcc/avr/5.4.0/avr5\libgcc.a(_mulshisi3.o)
 .text.libgcc.mul
                0x00000000       0x10 c:/program files (x86)/atmel/studio/7.0/toolchain/avr8/avr8-gnu-toolchain/bin/../lib/gcc/avr/5.4.0/avr5\libgcc.a(_mulshisi3.o)
 .text.libgcc.div
                0x00000000        0x0 c:/program files (x86)/atmel/studio/7.0/toolchain/avr8/avr8-gnu-toolchain/bin/../lib/gcc/avr/5.4.0/avr5\libgcc.a(_mulshisi3.o)
 .text.libgcc   0x00000000        0x0 c:/program files (x86)/atmel/studio/7.0/toolchain/avr8/avr8-gnu-toolchain/bin/../lib/gcc/avr/5.4.0/avr5\libgcc.a(_mulshisi3.o)
 .text.libgcc.prologue
                0x00000000        0x0 c:/program files (x86)/atmel/studio/7.0/toolchain/avr8/avr8-gnu-toolchain/bin/../lib/gcc/avr/5.4.0/avr5\libgcc.a(_mulshisi3.o)
 .text.libgcc.builtins
                0x00000000        0x0 c:/program files (x86)/atmel/studio/7.0/toolchain/avr8/avr8-gnu-toolchain/bin/../lib/gcc/avr/5.4.0/avr5\libgcc.a(_mulshisi3.o)
 .text.libgcc.fmul
                0x00000000        0x0 c:/program files (x86)/atmel/studio/7.0/toolchain/avr8/avr8-gnu-toolchain/bin/../lib/gcc/avr/5.4.0/avr5\libgcc.a(_mulshisi3.o)
 .text.libgcc.fixed
                0x00000000        0x0 c:/program files (x86)/atmel/studio/7.0/toolchain/avr8/avr8-gnu-toolchain/bin/../lib/gcc/avr/5.4.0/avr5\libgcc.a(_mulshisi3.o)

Memory Configuration

Name             Origin             Length             Attributes
text             0x00000000         0x00008000         xr
data             0x00800060         0x00000800         rw !x
eeprom           0x00810000         0x00000400         rw !x
fuse             0x00820000         0x00000002         rw !x
lock             0x00830000         0x00000400         rw !x
signature        0x00840000         0x00000400         rw !x
user_signatures  0x00850000         0x00000400         rw !x
*default*        0x00000000         0xffffffff

Linker script and memory map

LOAD C:/Program Files (x86)/Atmel/Studio/7.0/Packs/atmel/ATmega_DFP/1.6.364/gcc/dev/atmega32/avr5/crtatmega32.o
LOAD HAL/BUTTON/BUTTON_program.o
LOAD HAL/KEYPAD/KEYPAD_program.o
LOAD HAL/LCD/LCD_program.o
LOAD HAL/LED/LED_program.o
LOAD HAL/LM35/LM35_program.o
LOAD HAL/MOTOR/MOTOR_program.o
LOAD main.o
LOAD MCAL/ADC/ADC_program.o
LOAD MCAL/CLOCK/CLOCK_program.o
LOAD MCAL/DIO/DIO_program.o
LOAD MCAL/EXTI/EXTI_program.o
LOAD MCAL/SPI/SPI_program.o
LOAD MCAL/TIMER0/TIMER0_program.o
LOAD MCAL/TIMER1/TIMER1_program.o
LOAD MCAL/USART/USART_program.o
LOAD UTILITY/utility.o
START GROUP
LOAD c:/program files (x86)/atmel/studio/7.0/toolchain/avr8/avr8-gnu-toolchain/bin/../lib/gcc/avr/5.4.0/../../../../avr/lib/avr5\libm.a
END GROUP
START GROUP
LOAD c:/program files (x86)/atmel/studio/7.0/toolchain/avr8/avr8-gnu-toolchain/bin/../lib/gcc/avr/5.4.0/avr5\libgcc.a
LOAD c:/program files (x86)/atmel/studio/7.0/toolchain/avr8/avr8-gnu-toolchain/bin/../lib/gcc/avr/5.4.0/../../../../avr/lib/avr5\libm.a
LOAD c:/program files (x86)/atmel/studio/7.0/toolchain/avr8/avr8-gnu-toolchain/bin/../lib/gcc/avr/5.4.0/../../../../avr/lib/avr5\libc.a
LOAD C:/Program Files (x86)/Atmel/Studio/7.0/Packs/atmel/ATmega_DFP/1.6.364/gcc/dev/atmega32/avr5\libatmega32.a
END GROUP
                0x00000000                __TEXT_REGION_ORIGIN__ = DEFINED (__TEXT_REGION_ORIGIN__)?__TEXT_REGION_ORIGIN__:0x0
                [0x00800060]                __DATA_REGION_ORIGIN__ = DEFINED (__DATA_REGION_ORIGIN__)?__DATA_REGION_ORIGIN__:0x800060
                [0x00008000]                __TEXT_REGION_LENGTH__ = DEFINED (__TEXT_REGION_LENGTH__)?__TEXT_REGION_LENGTH__:0x20000
                [0x00000800]                __DATA_REGION_LENGTH__ = DEFINED (__DATA_REGION_LENGTH__)?__DATA_REGION_LENGTH__:0xffa0
                [0x00000400]                __EEPROM_REGION_LENGTH__ = DEFINED (__EEPROM_REGION_LENGTH__)?__EEPROM_REGION_LENGTH__:0x10000
                [0x00000002]                __FUSE_REGION_LENGTH__ = DEFINED (__FUSE_REGION_LENGTH__)?__FUSE_REGION_LENGTH__:0x400
                0x00000400                __LOCK_REGION_LENGTH__ = DEFINED (__LOCK_REGION_LENGTH__)?__LOCK_REGION_LENGTH__:0x400
                0x00000400                __SIGNATURE_REGION_LENGTH__ = DEFINED (__SIGNATURE_REGION_LENGTH__)?__SIGNATURE_REGION_LENGTH__:0x400
                0x00000400                __USER_SIGNATURE_REGION_LENGTH__ = DEFINED (__USER_SIGNATURE_REGION_LENGTH__)?__USER_SIGNATURE_REGION_LENGTH__:0x400

.hash
 *(.hash)

.dynsym
 *(.dynsym)

.dynstr
 *(.dynstr)

.gnu.version
 *(.gnu.version)

.gnu.version_d
 *(.gnu.version_d)

.gnu.version_r
 *(.gnu.version_r)

.rel.init
 *(.rel.init)

.rela.init
 *(.rela.init)

.rel.text
 *(.rel.text)
 *(.rel.text.*)
 *(.rel.gnu.linkonce.t*)

.rela.text
 *(.rela.text)
 *(.rela.text.*)
 *(.rela.gnu.linkonce.t*)

.rel.fini
 *(.rel.fini)

.rela.fini
 *(.rela.fini)

.rel.rodata
 *(.rel.rodata)
 *(.rel.rodata.*)
 *(.rel.gnu.linkonce.r*)

.rela.rodata
 *(.rela.rodata)
 *(.rela.rodata.*)
 *(.rela.gnu.linkonce.r*)

.rel.data
 *(.rel.data)
 *(.rel.data.*)
 *(.rel.gnu.linkonce.d*)

.rela.data
 *(.rela.data)
 *(.rela.data.*)
 *(.rela.gnu.linkonce.d*)

.rel.ctors
 *(.rel.ctors)

.rela.ctors
 *(.rela.ctors)

.rel.dtors
 *(.rel.dtors)

.rela.dtors
 *(.rela.dtors)

.rel.got
 *(.rel.got)

.rela.got
 *(.rela.got)

.rel.bss
 *(.rel.bss)

.rela.bss
 *(.rela.bss)

.rel.plt
 *(.rel.plt)

.rela.plt
 *(.rela.plt)

.text           0x00000000      0xbfc
 *(.vectors)
 .vectors       0x00000000       0x54 C:/Program Files (x86)/Atmel/Studio/7.0/Packs/atmel/ATmega_DFP/1.6.364/gcc/dev/atmega32/avr5/crtatmega32.o
                0x00000000                __vector_default
                0x00000000                __vectors
 *(.vectors)
 *(.progmem.gcc*)
                0x00000054                . = ALIGN (0x2)
                0x00000054                __trampolines_start = .
 *(.trampolines)
 .trampolines   0x00000054        0x0 linker stubs
 *(.trampolines*)
                0x00000054                __trampolines_end = .
 *libprintf_flt.a:*(.progmem.data)
 *libc.a:*(.progmem.data)
 *(.progmem*)
                0x00000054                . = ALIGN (0x2)
 *(.jumptables)
 *(.jumptables*)
 *(.lowtext)
 *(.lowtext*)
                0x00000054                __ctors_start = .
 *(.ctors)
                0x00000054                __ctors_end = .
                0x00000054                __dtors_start = .
 *(.dtors)
                0x00000054                __dtors_end = .
 SORT(*)(.ctors)
 SORT(*)(.dtors)
 *(.init0)
 .init0         0x00000054        0x0 C:/Program Files (x86)/Atmel/Studio/7.0/Packs/atmel/ATmega_DFP/1.6.364/gcc/dev/atmega32/avr5/crtatmega32.o
                0x00000054                __init
 *(.init0)
 *(.init1)
 *(.init1)
 *(.init2)
 .init2         0x00000054        0xc C:/Program Files (x86)/Atmel/Studio/7.0/Packs/atmel/ATmega_DFP/1.6.364/gcc/dev/atmega32/avr5/crtatmega32.o
 *(.init2)
 *(.init3)
 *(.init3)
 *(.init4)
 .init4         0x00000060       0x16 c:/program files (x86)/atmel/studio/7.0/toolchain/avr8/avr8-gnu-toolchain/bin/../lib/gcc/avr/5.4.0/avr5\libgcc.a(_copy_data.o)
                0x00000060                __do_copy_data
 .init4         0x00000076       0x10 c:/program files (x86)/atmel/studio/7.0/toolchain/avr8/avr8-gnu-toolchain/bin/../lib/gcc/avr/5.4.0/avr5\libgcc.a(_clear_bss.o)
                0x00000076                __do_clear_bss
 *(.init4)
 *(.init5)
 *(.init5)
 *(.init6)
 *(.init6)
 *(.init7)
 *(.init7)
 *(.init8)
 *(.init8)
 *(.init9)
 .init9         0x00000086        0x8 C:/Program Files (x86)/Atmel/Studio/7.0/Packs/atmel/ATmega_DFP/1.6.364/gcc/dev/atmega32/avr5/crtatmega32.o
 *(.init9)
 *(.text)
 .text          0x0000008e        0x4 C:/Program Files (x86)/Atmel/Studio/7.0/Packs/atmel/ATmega_DFP/1.6.364/gcc/dev/atmega32/avr5/crtatmega32.o
                0x0000008e                __vector_12
                0x0000008e                __bad_interrupt
                0x0000008e                __vector_6
                0x0000008e                __vector_17
                0x0000008e                __vector_19
                0x0000008e                __vector_5
                0x0000008e                __vector_4
                0x0000008e                __vector_18
                0x0000008e                __vector_20
                0x00000092                . = ALIGN (0x2)
 *(.text.*)
 .text.LCD_voidSendChar
                0x00000092       0xe4 HAL/LCD/LCD_program.o
                0x00000092                LCD_voidSendChar
 .text.LCD_voidSendCommand
                0x00000176       0xec HAL/LCD/LCD_program.o
                0x00000176                LCD_voidSendCommand
 .text.LCD_voidInit
                0x00000262       0xc0 HAL/LCD/LCD_program.o
                0x00000262                LCD_voidInit
 .text.main     0x00000322       0x72 main.o
                0x00000322                main
 .text.ADC_voidStartConversion
                0x00000394       0x26 MCAL/ADC/ADC_program.o
                0x00000394                ADC_voidStartConversion
 .text.__vector_16
                0x000003ba       0x6c MCAL/ADC/ADC_program.o
                0x000003ba                __vector_16
 .text.CLOCK_u32GetSystemClock
                0x00000426        0xa MCAL/CLOCK/CLOCK_program.o
                0x00000426                CLOCK_u32GetSystemClock
 .text.DIO_voidSetPinDirection
                0x00000430      0x1b2 MCAL/DIO/DIO_program.o
                0x00000430                DIO_voidSetPinDirection
 .text.DIO_voidSetPinValue
                0x000005e2      0x10c MCAL/DIO/DIO_program.o
                0x000005e2                DIO_voidSetPinValue
 .text.__vector_1
                0x000006ee       0x52 MCAL/EXTI/EXTI_program.o
                0x000006ee                __vector_1
 .text.__vector_2
                0x00000740       0x52 MCAL/EXTI/EXTI_program.o
                0x00000740                __vector_2
 .text.__vector_3
                0x00000792       0x52 MCAL/EXTI/EXTI_program.o
                0x00000792                __vector_3
 .text.__vector_11
                0x000007e4       0x5e MCAL/TIMER0/TIMER0_program.o
                0x000007e4                __vector_11
 .text.__vector_10
                0x00000842       0x9c MCAL/TIMER0/TIMER0_program.o
                0x00000842                __vector_10
 .text.__vector_7
                0x000008de       0x52 MCAL/TIMER1/TIMER1_program.o
                0x000008de                __vector_7
 .text.__vector_8
                0x00000930       0x52 MCAL/TIMER1/TIMER1_program.o
                0x00000930                __vector_8
 .text.__vector_9
                0x00000982       0x68 MCAL/TIMER1/TIMER1_program.o
                0x00000982                __vector_9
 .text.USART_voidInit
                0x000009ea       0xa8 MCAL/USART/USART_program.o
                0x000009ea                USART_voidInit
 .text.USART_u8RecieveData
                0x00000a92        0x8 MCAL/USART/USART_program.o
                0x00000a92                USART_u8RecieveData
 .text.USART_voidTransmitChar
                0x00000a9a        0x8 MCAL/USART/USART_program.o
                0x00000a9a                USART_voidTransmitChar
 .text.USART_voidTransmitString
                0x00000aa2       0x26 MCAL/USART/USART_program.o
                0x00000aa2                USART_voidTransmitString
 .text.__vector_13
                0x00000ac8       0x50 MCAL/USART/USART_program.o
                0x00000ac8                __vector_13
 .text.__vector_15
                0x00000b18       0x4e MCAL/USART/USART_program.o
                0x00000b18                __vector_15
 .text.__vector_14
                0x00000b66       0x4e MCAL/USART/USART_program.o
                0x00000b66                __vector_14
 .text.libgcc.div
                0x00000bb4       0x44 c:/program files (x86)/atmel/studio/7.0/toolchain/avr8/avr8-gnu-toolchain/bin/../lib/gcc/avr/5.4.0/avr5\libgcc.a(_udivmodsi4.o)
                0x00000bb4                __udivmodsi4
                0x00000bf8                . = ALIGN (0x2)
 *(.fini9)
 .fini9         0x00000bf8        0x0 c:/program files (x86)/atmel/studio/7.0/toolchain/avr8/avr8-gnu-toolchain/bin/../lib/gcc/avr/5.4.0/avr5\libgcc.a(_exit.o)
                0x00000bf8                _exit
                0x00000bf8                exit
 *(.fini9)
 *(.fini8)
 *(.fini8)
 *(.fini7)
 *(.fini7)
 *(.fini6)
 *(.fini6)
 *(.fini5)
 *(.fini5)
 *(.fini4)
 *(.fini4)
 *(.fini3)
 *(.fini3)
 *(.fini2)
 *(.fini2)
 *(.fini1)
 *(.fini1)
 *(.fini0)
 .fini0         0x00000bf8        0x4 c:/program files (x86)/atmel/studio/7.0/toolchain/avr8/avr8-gnu-toolchain/bin/../lib/gcc/avr/5.4.0/avr5\libgcc.a(_exit.o)
 *(.fini0)
                0x00000bfc                _etext = .

.data           0x00800060        0x0 load address 0x00000bfc
                0x00800060                PROVIDE (__data_start, .)
 *(.data)
 *(.data*)
 *(.gnu.linkonce.d*)
 *(.rodata)
 *(.rodata*)
 *(.gnu.linkonce.r*)
                0x00800060                . = ALIGN (0x2)
                0x00800060                _edata = .
                0x00800060                PROVIDE (__data_end, .)

.bss            0x00800060       0x24
                0x00800060                PROVIDE (__bss_start, .)
 *(.bss)
 *(.bss*)
 .bss.isInitFinished
                0x00800060        0x1 HAL/LCD/LCD_program.o
 .bss.adcChannel
                0x00800061        0x1 MCAL/ADC/ADC_program.o
                0x00800061                adcChannel
 .bss.adcMode   0x00800062        0x1 MCAL/ADC/ADC_program.o
                0x00800062                adcMode
 .bss.ADC_callback
                0x00800063        0x2 MCAL/ADC/ADC_program.o
                0x00800063                ADC_callback
 .bss.EXTI_voidCallBacks
                0x00800065        0x6 MCAL/EXTI/EXTI_program.o
                0x00800065                EXTI_voidCallBacks
 .bss.SoftwarePWM_dutyCycle
                0x0080006b        0x1 MCAL/TIMER0/TIMER0_program.o
                0x0080006b                SoftwarePWM_dutyCycle
 .bss.SoftwarePWM_counter
                0x0080006c        0x1 MCAL/TIMER0/TIMER0_program.o
                0x0080006c                SoftwarePWM_counter
 .bss.SoftwarePWM_PIN
                0x0080006d        0x1 MCAL/TIMER0/TIMER0_program.o
                0x0080006d                SoftwarePWM_PIN
 .bss.SoftwarePWM_PORT
                0x0080006e        0x1 MCAL/TIMER0/TIMER0_program.o
                0x0080006e                SoftwarePWM_PORT
 .bss.isSoftwarePWMMode
                0x0080006f        0x1 MCAL/TIMER0/TIMER0_program.o
                0x0080006f                isSoftwarePWMMode
 .bss.TIMER0_callBacks
                0x00800070        0x4 MCAL/TIMER0/TIMER0_program.o
                0x00800070                TIMER0_callBacks
 .bss.storedPreload
                0x00800074        0x1 MCAL/TIMER0/TIMER0_program.o
                0x00800074                storedPreload
 .bss.TIMER1_storedPreload
                0x00800075        0x2 MCAL/TIMER1/TIMER1_program.o
                0x00800075                TIMER1_storedPreload
 .bss.overflowCounter
                0x00800077        0x1 MCAL/TIMER1/TIMER1_program.o
                0x00800077                overflowCounter
 .bss.TIMER1_callBacks
                0x00800078        0x6 MCAL/TIMER1/TIMER1_program.o
                0x00800078                TIMER1_callBacks
 .bss.USART_recieveCallBack
                0x0080007e        0x2 MCAL/USART/USART_program.o
                0x0080007e                USART_recieveCallBack
 .bss.USART_callBacks
                0x00800080        0x4 MCAL/USART/USART_program.o
                0x00800080                USART_callBacks
 *(COMMON)
                0x00800084                PROVIDE (__bss_end, .)
                0x00000bfc                __data_load_start = LOADADDR (.data)
                0x00000bfc                __data_load_end = (__data_load_start + SIZEOF (.data))

.noinit         0x00800084        0x0
                [!provide]                PROVIDE (__noinit_start, .)
 *(.noinit*)
                [!provide]                PROVIDE (__noinit_end, .)
                0x00800084                _end = .
                [!provide]                PROVIDE (__heap_start, .)

.eeprom         0x00810000        0x0
 *(.eeprom*)
                0x00810000                __eeprom_end = .

.fuse
 *(.fuse)
 *(.lfuse)
 *(.hfuse)
 *(.efuse)

.lock
 *(.lock*)

.signature
 *(.signature*)

.user_signatures
 *(.user_signatures*)

.stab
 *(.stab)

.stabstr
 *(.stabstr)

.stab.excl
 *(.stab.excl)

.stab.exclstr
 *(.stab.exclstr)

.stab.index
 *(.stab.index)

.stab.indexstr
 *(.stab.indexstr)

.comment        0x00000000       0x30
 *(.comment)
 .comment       0x00000000       0x30 HAL/LCD/LCD_program.o
                                 0x31 (size before relaxing)
 .comment       0x00000030       0x31 main.o
 .comment       0x00000030       0x31 MCAL/ADC/ADC_program.o
 .comment       0x00000030       0x31 MCAL/CLOCK/CLOCK_program.o
 .comment       0x00000030       0x31 MCAL/DIO/DIO_program.o
 .comment       0x00000030       0x31 MCAL/EXTI/EXTI_program.o
 .comment       0x00000030       0x31 MCAL/TIMER0/TIMER0_program.o
 .comment       0x00000030       0x31 MCAL/TIMER1/TIMER1_program.o
 .comment       0x00000030       0x31 MCAL/USART/USART_program.o

.note.gnu.avr.deviceinfo
                0x00000000       0x3c
 .note.gnu.avr.deviceinfo
                0x00000000       0x3c C:/Program Files (x86)/Atmel/Studio/7.0/Packs/atmel/ATmega_DFP/1.6.364/gcc/dev/atmega32/avr5/crtatmega32.o

.note.gnu.build-id
 *(.note.gnu.build-id)

.debug
 *(.debug)

.line
 *(.line)

.debug_srcinfo
 *(.debug_srcinfo)

.debug_sfnames
 *(.debug_sfnames)

.debug_aranges  0x00000000      0x2f0
 *(.debug_aranges)
 .debug_aranges
                0x00000000       0x50 HAL/LCD/LCD_program.o
 .debug_aranges
                0x00000050       0x20 main.o
 .debug_aranges
                0x00000070       0x40 MCAL/ADC/ADC_program.o
 .debug_aranges
                0x000000b0       0x28 MCAL/CLOCK/CLOCK_program.o
 .debug_aranges
                0x000000d8       0x50 MCAL/DIO/DIO_program.o
 .debug_aranges
                0x00000128       0x50 MCAL/EXTI/EXTI_program.o
 .debug_aranges
                0x00000178       0x90 MCAL/TIMER0/TIMER0_program.o
 .debug_aranges
                0x00000208       0x88 MCAL/TIMER1/TIMER1_program.o
 .debug_aranges
                0x00000290       0x60 MCAL/USART/USART_program.o

.debug_pubnames
 *(.debug_pubnames)

.debug_info     0x00000000     0x28e0
 *(.debug_info .gnu.linkonce.wi.*)
 .debug_info    0x00000000      0x4e6 C:/Program Files (x86)/Atmel/Studio/7.0/Packs/atmel/ATmega_DFP/1.6.364/gcc/dev/atmega32/avr5/crtatmega32.o
 .debug_info    0x000004e6      0xb0f HAL/LCD/LCD_program.o
 .debug_info    0x00000ff5      0x242 main.o
 .debug_info    0x00001237      0x386 MCAL/ADC/ADC_program.o
 .debug_info    0x000015bd       0xbf MCAL/CLOCK/CLOCK_program.o
 .debug_info    0x0000167c      0x239 MCAL/DIO/DIO_program.o
 .debug_info    0x000018b5      0x308 MCAL/EXTI/EXTI_program.o
 .debug_info    0x00001bbd      0x4f3 MCAL/TIMER0/TIMER0_program.o
 .debug_info    0x000020b0      0x49d MCAL/TIMER1/TIMER1_program.o
 .debug_info    0x0000254d      0x393 MCAL/USART/USART_program.o

.debug_abbrev   0x00000000      0xfc3
 *(.debug_abbrev)
 .debug_abbrev  0x00000000      0x4a3 C:/Program Files (x86)/Atmel/Studio/7.0/Packs/atmel/ATmega_DFP/1.6.364/gcc/dev/atmega32/avr5/crtatmega32.o
 .debug_abbrev  0x000004a3      0x1bb HAL/LCD/LCD_program.o
 .debug_abbrev  0x0000065e       0xfb main.o
 .debug_abbrev  0x00000759      0x135 MCAL/ADC/ADC_program.o
 .debug_abbrev  0x0000088e       0x80 MCAL/CLOCK/CLOCK_program.o
 .debug_abbrev  0x0000090e       0xce MCAL/DIO/DIO_program.o
 .debug_abbrev  0x000009dc      0x12a MCAL/EXTI/EXTI_program.o
 .debug_abbrev  0x00000b06      0x1c6 MCAL/TIMER0/TIMER0_program.o
 .debug_abbrev  0x00000ccc      0x19b MCAL/TIMER1/TIMER1_program.o
 .debug_abbrev  0x00000e67      0x15c MCAL/USART/USART_program.o

.debug_line     0x00000000     0x164b
 *(.debug_line .debug_line.* .debug_line_end)
 .debug_line    0x00000000      0x116 C:/Program Files (x86)/Atmel/Studio/7.0/Packs/atmel/ATmega_DFP/1.6.364/gcc/dev/atmega32/avr5/crtatmega32.o
 .debug_line    0x00000116      0x415 HAL/LCD/LCD_program.o
 .debug_line    0x0000052b       0xd2 main.o
 .debug_line    0x000005fd      0x191 MCAL/ADC/ADC_program.o
 .debug_line    0x0000078e       0xa6 MCAL/CLOCK/CLOCK_program.o
 .debug_line    0x00000834      0x35b MCAL/DIO/DIO_program.o
 .debug_line    0x00000b8f      0x2ae MCAL/EXTI/EXTI_program.o
 .debug_line    0x00000e3d      0x31e MCAL/TIMER0/TIMER0_program.o
 .debug_line    0x0000115b      0x2d8 MCAL/TIMER1/TIMER1_program.o
 .debug_line    0x00001433      0x218 MCAL/USART/USART_program.o

.debug_frame    0x00000000      0x94c
 *(.debug_frame)
 .debug_frame   0x00000000       0xb4 HAL/LCD/LCD_program.o
 .debug_frame   0x000000b4       0x34 main.o
 .debug_frame   0x000000e8       0xb4 MCAL/ADC/ADC_program.o
 .debug_frame   0x0000019c       0x34 MCAL/CLOCK/CLOCK_program.o
 .debug_frame   0x000001d0       0x84 MCAL/DIO/DIO_program.o
 .debug_frame   0x00000254      0x164 MCAL/EXTI/EXTI_program.o
 .debug_frame   0x000003b8      0x1cc MCAL/TIMER0/TIMER0_program.o
 .debug_frame   0x00000584      0x218 MCAL/TIMER1/TIMER1_program.o
 .debug_frame   0x0000079c      0x1b0 MCAL/USART/USART_program.o

.debug_str      0x00000000     0x173c
 *(.debug_str)
 .debug_str     0x00000000      0x196 C:/Program Files (x86)/Atmel/Studio/7.0/Packs/atmel/ATmega_DFP/1.6.364/gcc/dev/atmega32/avr5/crtatmega32.o
 .debug_str     0x00000196      0x31c HAL/LCD/LCD_program.o
                                0x355 (size before relaxing)
 .debug_str     0x000004b2       0xe2 main.o
                                0x2a9 (size before relaxing)
 .debug_str     0x00000594      0x619 MCAL/ADC/ADC_program.o
                                0x7a1 (size before relaxing)
 .debug_str     0x00000bad       0x4e MCAL/CLOCK/CLOCK_program.o
                                0x19d (size before relaxing)
 .debug_str     0x00000bfb       0xdc MCAL/DIO/DIO_program.o
                                0x26f (size before relaxing)
 .debug_str     0x00000cd7      0x13d MCAL/EXTI/EXTI_program.o
                                0x2e7 (size before relaxing)
 .debug_str     0x00000e14      0x37b MCAL/TIMER0/TIMER0_program.o
                                0x562 (size before relaxing)
 .debug_str     0x0000118f      0x408 MCAL/TIMER1/TIMER1_program.o
                                0x660 (size before relaxing)
 .debug_str     0x00001597      0x1a5 MCAL/USART/USART_program.o
                                0x416 (size before relaxing)

.debug_loc      0x00000000     0x23b1
 *(.debug_loc)
 .debug_loc     0x00000000      0x5da HAL/LCD/LCD_program.o
 .debug_loc     0x000005da       0x9a main.o
 .debug_loc     0x00000674      0x182 MCAL/ADC/ADC_program.o
 .debug_loc     0x000007f6       0x94 MCAL/CLOCK/CLOCK_program.o
 .debug_loc     0x0000088a      0x8be MCAL/DIO/DIO_program.o
 .debug_loc     0x00001148      0x4b4 MCAL/EXTI/EXTI_program.o
 .debug_loc     0x000015fc      0x440 MCAL/TIMER0/TIMER0_program.o
 .debug_loc     0x00001a3c      0x4c8 MCAL/TIMER1/TIMER1_program.o
 .debug_loc     0x00001f04      0x4ad MCAL/USART/USART_program.o

.debug_macinfo
 *(.debug_macinfo)

.debug_weaknames
 *(.debug_weaknames)

.debug_funcnames
 *(.debug_funcnames)

.debug_typenames
 *(.debug_typenames)

.debug_varnames
 *(.debug_varnames)

.debug_pubtypes
 *(.debug_pubtypes)

.debug_ranges   0x00000000      0x260
 *(.debug_ranges)
 .debug_ranges  0x00000000       0x40 HAL/LCD/LCD_program.o
 .debug_ranges  0x00000040       0x10 main.o
 .debug_ranges  0x00000050       0x30 MCAL/ADC/ADC_program.o
 .debug_ranges  0x00000080       0x18 MCAL/CLOCK/CLOCK_program.o
 .debug_ranges  0x00000098       0x40 MCAL/DIO/DIO_program.o
 .debug_ranges  0x000000d8       0x40 MCAL/EXTI/EXTI_program.o
 .debug_ranges  0x00000118       0x80 MCAL/TIMER0/TIMER0_program.o
 .debug_ranges  0x00000198       0x78 MCAL/TIMER1/TIMER1_program.o
 .debug_ranges  0x00000210       0x50 MCAL/USART/USART_program.o

.debug_macro
 *(.debug_macro)
OUTPUT(drivers V1.elf elf32-avr)
LOAD linker stubs
